Error: ppx_cstruct: enum: unknown width specifier uint9_t
