Error: ppx_cstruct: record type declaration expected
