Error: ppx_cstruct: field x is present several times in this type
