Error: ppx_cstruct: multiple field length attribute
