Error: ppx_cstruct: [@len] argument should be > 0
