Error: ppx_cstruct: [@len] argument should be an integer
