Error: ppx_cstruct: no attribute payload expected
