&lt;script&gt;&lt;/script&gt;
<script></script>
<script></script>
