Hello, I am Bob.
Hello, I am Alice. I'm a programmer.
