((i) => i + 1)(1) = 2
(i => i + 1)(-1) = 0
((a, b) => a + b)(1, 2) = 3
(() => 'foo')() = foo
