Only the last expression is returned:
- "From eval!"
- "Hello, world! From eval!"

Be careful with trailing whitespaces:
- " "
