- 1.5 | round ("floor"): 1.
- 1.5 | round ("ceil"): 2.
