Word count for "hoge hage hige" = 3
Word count for "hoge hage" = 2
