- Gender: F
  - alice
  - carol
- Gender: M
  - bob
