8 apples, 4 people, that&apos;s 0.5 apple per person.
