- range(0,3): 0123
- range(3,0): 3210
- range("a","e"): abcde
