<p>Yes, it works! <code>1</code> is in <code>[1,2,3]</code></p>
