1 + 1 = 2
1 - 1 = 0
2 * 3 = 6
5 / 2 = 2
2 ** 8 = 256.
8 % 3 = 2

"a" + "b" = ab
1234
({a:"foo"} + {b:"bar"}).a = foo
({a:"foo"} + {b:"bar"}).b = bar
({a:"foo"} + {a:"bar"}).a = bar
