Stored output:
<ol>
  <li>Item1</li>
  <li>Item2</li>
  <li>Item3</li>
  <li>&lt;Escaping works&gt;</li>
</ol>

Variables defined inside block are not exposed:


Stored output again:
<ol>
  <li>Item1</li>
  <li>Item2</li>
  <li>Item3</li>
  <li>&lt;Escaping works&gt;</li>
</ol>
